MSBuild version 17.8.49+7806cbf7b for .NET
  Determining projects to restore...
  All projects are up-to-date for restore.
  InteractHub.Core -> /home/hoanganh/Documents/study/csharp/assignment/c#backend/interacthub-backend/InteractHub.Core/bin/Debug/net8.0/InteractHub.Core.dll
  InteractHub.Infrastructure -> /home/hoanganh/Documents/study/csharp/assignment/c#backend/interacthub-backend/InteractHub.Infrastructure/bin/Debug/net8.0/InteractHub.Infrastructure.dll
  InteractHub.API -> /home/hoanganh/Documents/study/csharp/assignment/c#backend/interacthub-backend/InteractHub.API/bin/Debug/net8.0/InteractHub.API.dll
  InteractHub.Tests -> /home/hoanganh/Documents/study/csharp/assignment/c#backend/interacthub-backend/InteractHub.Tests/bin/Debug/net8.0/InteractHub.Tests.dll

Build succeeded.
    0 Warning(s)
    0 Error(s)

Time Elapsed 00:00:02.34
